// Jest Snapshot v1, https://goo.gl/fbAQLP

exports[`renders without crashing 1`] = `
<div
  className="App"
>
  <h1>
    It works!
  </h1>
</div>
`;
